// Jest Snapshot v1, https://goo.gl/fbAQLP

exports[`citationCell should render as default snapshot 1`] = `
<DocumentFragment>
  <div
    class="sc-gswNZR cBWXTq MuiBox-root"
  >
    <button
      class="MuiButtonBase-root-JvZdr clbaxI MuiButtonBase-root"
      tabindex="0"
      type="button"
    >
      <a
        class="MuiTypography-root-bXPcIX gPtBAX MuiTypography-root MuiTypography-inherit MuiLink-root-ireGtc fbhYiq MuiLink-root MuiLink-underlineAlways"
      >
        Rosengarten et. al.
      </a>
      <span
        class="MuiTouchRipple-root-ifEFxn gcfJAx MuiTouchRipple-root"
      />
    </button>
  </div>
</DocumentFragment>
`;
