// Jest Snapshot v1, https://goo.gl/fbAQLP

exports[`citationCell should render as default snapshot 1`] = `
<DocumentFragment>
  <button
    class="MuiButton-root MuiButton-text MuiButton-textPrimary MuiButton-sizeMedium MuiButton-textSizeMedium MuiButtonBase-root  css-1g352vr-MuiButtonBase-root-MuiButton-root"
    tabindex="0"
    type="button"
  >
    <span
      class="MuiBox-root css-1o4wo1x"
    >
      Rosengarten et. al.
    </span>
    <span
      class="MuiTouchRipple-root css-8je8zh-MuiTouchRipple-root"
    />
  </button>
</DocumentFragment>
`;
