// Jest Snapshot v1, https://goo.gl/fbAQLP

exports[`gOEnrichmentTermCell should render as default snapshot 1`] = `
<DocumentFragment>
  <div
    class="sc-bqWxrE humzUX"
  >
    <span
      class="sc-ksBlkl eyAxZE"
    />
    <svg
      aria-hidden="true"
      class="MuiSvgIcon-root-ffjXHZ fQQvfO MuiSvgIcon-root MuiSvgIcon-fontSizeMedium sc-hBxehG HUEyD"
      data-testid="ArrowDropDownIcon"
      focusable="false"
      viewBox="0 0 24 24"
    >
      <path
        d="m7 10 5 5 5-5z"
      />
    </svg>
    <span>
      Test term
    </span>
  </div>
</DocumentFragment>
`;
