// Jest Snapshot v1, https://goo.gl/fbAQLP

exports[`gOEnrichmentMatchedCell should render as default snapshot 1`] = `
<DocumentFragment>
  <div
    class="sc-dAlyuH pRzWs"
  >
    <button
      class="MuiButtonBase-root-iLYEZ iYGEdV MuiButtonBase-root MuiButton-root MuiButton-text MuiButton-textSecondary MuiButton-sizeMedium MuiButton-textSizeMedium MuiButton-fullWidth MuiButton-root-jQXqOE dNQORl MuiButton-root MuiButton-text MuiButton-textSecondary MuiButton-sizeMedium MuiButton-textSizeMedium MuiButton-fullWidth sc-jlZhew eDDMFE"
      tabindex="0"
      type="button"
    >
      12/250
      <span
        class="MuiTouchRipple-root-gUFkdJ hmrPgQ MuiTouchRipple-root"
      />
    </button>
  </div>
</DocumentFragment>
`;
