// Jest Snapshot v1, https://goo.gl/fbAQLP

exports[`geneInformation should render as default snapshot 1`] = `
<DocumentFragment>
  <div
    class="sc-gEvEer gQIGdO"
  >
    <div
      class="sc-eqUAAy jNGYNU"
    >
      <h3
        class="sc-fqkvVR XCebb"
      >
        Gene information
      </h3>
      <button
        class="MuiButtonBase-root-iLYEZ iYGEdV MuiButtonBase-root MuiButton-root MuiButton-contained MuiButton-containedSecondary MuiButton-sizeSmall MuiButton-containedSizeSmall MuiButton-root-jQXqOE iVNWIy MuiButton-root MuiButton-contained MuiButton-containedSecondary MuiButton-sizeSmall MuiButton-containedSizeSmall"
        tabindex="0"
        type="button"
      >
        Highlight
        <span
          class="MuiTouchRipple-root-gUFkdJ hmrPgQ MuiTouchRipple-root"
        />
      </button>
    </div>
    <p>
      TestGene0
    </p>
    <div>
      <div
        class="sc-dcJsrY dTxJSi"
      >
        Gene ID:
      </div>
      <div
        class="sc-iGgWBj korZYu"
      >
        0
      </div>
    </div>
    <div>
      <div
        class="sc-dcJsrY dTxJSi"
      >
        Alternatives:
      </div>
      <div
        class="sc-iGgWBj korZYu"
      >
        TestGene0_alias1, TestGene0_alias2
      </div>
    </div>
    <div>
      <div
        class="sc-dcJsrY dTxJSi"
      >
        Database link:
      </div>
      <div
        class="sc-iGgWBj korZYu"
      >
        <a
          href="http://dictybase.org/gene/0"
          rel="noopener noreferrer"
          target="_blank"
        >
          Open in dictyBase
          <img
            alt="Open in dictyBase."
            class="sc-gsFSXq hrvyHJ"
            src="dictybase_logo2.jpg"
          />
        </a>
      </div>
    </div>
    <div>
      <div
        class="sc-dcJsrY dTxJSi"
      >
        Description:
      </div>
      <div
        class="sc-iGgWBj korZYu"
      >
        This is a test gene 0
      </div>
    </div>
  </div>
</DocumentFragment>
`;
